============================= test session starts =============================
platform win32 -- Python 3.14.0, pytest-9.0.2, pluggy-1.6.0 -- D:\IT_Programs\python3.14\python.exe
cachedir: .pytest_cache
rootdir: D:\Py_2025\12-2025\youtube_downloaderV2_CURSOR_OK1_dev_multi_OK07-04-25
collecting ... collected 14 items / 4 errors

=================================== ERRORS ====================================
______________________ ERROR collecting test_output.txt _______________________
D:\IT_Programs\python3.14\Lib\pathlib\__init__.py:793: in read_text
    return f.read()
           ^^^^^^^^
<frozen codecs>:325: in decode
    ???
E   UnicodeDecodeError: 'utf-8' codec can't decode byte 0xff in position 0: invalid start byte
____________ ERROR collecting tests/test_back_to_video_results.py _____________
ImportError while importing test module 'D:\Py_2025\12-2025\youtube_downloaderV2_CURSOR_OK1_dev_multi_OK07-04-25\tests\test_back_to_video_results.py'.
Hint: make sure your test modules/packages have valid Python names.
Traceback:
D:\IT_Programs\python3.14\Lib\site-packages\_pytest\python.py:507: in importtestmodule
    mod = import_path(
D:\IT_Programs\python3.14\Lib\site-packages\_pytest\pathlib.py:587: in import_path
    importlib.import_module(module_name)
D:\IT_Programs\python3.14\Lib\importlib\__init__.py:88: in import_module
    return _bootstrap._gcd_import(name[level:], package, level)
           ^^^^^^^^^^^^^^^^^^^^^^^^^^^^^^^^^^^^^^^^^^^^^^^^^^^^
<frozen importlib._bootstrap>:1398: in _gcd_import
    ???
<frozen importlib._bootstrap>:1371: in _find_and_load
    ???
<frozen importlib._bootstrap>:1342: in _find_and_load_unlocked
    ???
<frozen importlib._bootstrap>:938: in _load_unlocked
    ???
D:\IT_Programs\python3.14\Lib\site-packages\_pytest\assertion\rewrite.py:197: in exec_module
    exec(co, module.__dict__)
tests\test_back_to_video_results.py:4: in <module>
    from src.pages.main.main_page import MainPage
E   ModuleNotFoundError: No module named 'src'
_ ERROR collecting tutor/youtube_playlist_mvc/tests/test_model_classes_GUI.py _
ImportError while importing test module 'D:\Py_2025\12-2025\youtube_downloaderV2_CURSOR_OK1_dev_multi_OK07-04-25\tutor\youtube_playlist_mvc\tests\test_model_classes_GUI.py'.
Hint: make sure your test modules/packages have valid Python names.
Traceback:
D:\IT_Programs\python3.14\Lib\site-packages\_pytest\python.py:507: in importtestmodule
    mod = import_path(
D:\IT_Programs\python3.14\Lib\site-packages\_pytest\pathlib.py:587: in import_path
    importlib.import_module(module_name)
D:\IT_Programs\python3.14\Lib\importlib\__init__.py:88: in import_module
    return _bootstrap._gcd_import(name[level:], package, level)
           ^^^^^^^^^^^^^^^^^^^^^^^^^^^^^^^^^^^^^^^^^^^^^^^^^^^^
<frozen importlib._bootstrap>:1398: in _gcd_import
    ???
<frozen importlib._bootstrap>:1371: in _find_and_load
    ???
<frozen importlib._bootstrap>:1342: in _find_and_load_unlocked
    ???
<frozen importlib._bootstrap>:938: in _load_unlocked
    ???
D:\IT_Programs\python3.14\Lib\site-packages\_pytest\assertion\rewrite.py:197: in exec_module
    exec(co, module.__dict__)
tutor\youtube_playlist_mvc\tests\test_model_classes_GUI.py:6: in <module>
    from sqlalchemy import create_engine
E   ModuleNotFoundError: No module named 'sqlalchemy'
_____ ERROR collecting tutor/youtube_playlist_mvc/tests/test_playlist.py ______
ImportError while importing test module 'D:\Py_2025\12-2025\youtube_downloaderV2_CURSOR_OK1_dev_multi_OK07-04-25\tutor\youtube_playlist_mvc\tests\test_playlist.py'.
Hint: make sure your test modules/packages have valid Python names.
Traceback:
D:\IT_Programs\python3.14\Lib\site-packages\_pytest\python.py:507: in importtestmodule
    mod = import_path(
D:\IT_Programs\python3.14\Lib\site-packages\_pytest\pathlib.py:587: in import_path
    importlib.import_module(module_name)
D:\IT_Programs\python3.14\Lib\importlib\__init__.py:88: in import_module
    return _bootstrap._gcd_import(name[level:], package, level)
           ^^^^^^^^^^^^^^^^^^^^^^^^^^^^^^^^^^^^^^^^^^^^^^^^^^^^
<frozen importlib._bootstrap>:1398: in _gcd_import
    ???
<frozen importlib._bootstrap>:1371: in _find_and_load
    ???
<frozen importlib._bootstrap>:1342: in _find_and_load_unlocked
    ???
<frozen importlib._bootstrap>:938: in _load_unlocked
    ???
D:\IT_Programs\python3.14\Lib\site-packages\_pytest\assertion\rewrite.py:197: in exec_module
    exec(co, module.__dict__)
tutor\youtube_playlist_mvc\tests\test_playlist.py:3: in <module>
    from playlist import Playlist
E   ModuleNotFoundError: No module named 'playlist'
=========================== short test summary info ===========================
ERROR test_output.txt - UnicodeDecodeError: 'utf-8' codec can't decode byte 0xff in position 0: invalid start byte
ERROR tests/test_back_to_video_results.py
ERROR tutor/youtube_playlist_mvc/tests/test_model_classes_GUI.py
ERROR tutor/youtube_playlist_mvc/tests/test_playlist.py
!!!!!!!!!!!!!!!!!!! Interrupted: 4 errors during collection !!!!!!!!!!!!!!!!!!!
============================== 4 errors in 1.18s ==============================
